Archive member included to satisfy reference by file (symbol)

/home/menadue/LPCXpresso/workspace/nxp_lpcxpresso_11u14_board_lib/Debug/libnxp_lpcxpresso_11u14_board_lib.a(board.o)
                              ./src/arm_dro5.o (Board_Init)
/home/menadue/LPCXpresso/workspace/nxp_lpcxpresso_11u14_board_lib/Debug/libnxp_lpcxpresso_11u14_board_lib.a(board_sysinit.o)
                              ./src/sysinit.o (Board_SystemInit)
/home/menadue/LPCXpresso/workspace/lpc_chip_11uxx_lib/Debug/liblpc_chip_11uxx_lib.a(chip_11xx.o)
                              ./src/arm_dro5.o (SystemCoreClockUpdate)
/home/menadue/LPCXpresso/workspace/lpc_chip_11uxx_lib/Debug/liblpc_chip_11uxx_lib.a(clock_11xx.o)
                              /home/menadue/LPCXpresso/workspace/nxp_lpcxpresso_11u14_board_lib/Debug/libnxp_lpcxpresso_11u14_board_lib.a(board_sysinit.o) (Chip_Clock_SetSystemPLLSource)
/home/menadue/LPCXpresso/workspace/lpc_chip_11uxx_lib/Debug/liblpc_chip_11uxx_lib.a(gpio_11xx_1.o)
                              /home/menadue/LPCXpresso/workspace/nxp_lpcxpresso_11u14_board_lib/Debug/libnxp_lpcxpresso_11u14_board_lib.a(board.o) (Chip_GPIO_Init)
/home/menadue/LPCXpresso/workspace/lpc_chip_11uxx_lib/Debug/liblpc_chip_11uxx_lib.a(iocon_11xx.o)
                              /home/menadue/LPCXpresso/workspace/nxp_lpcxpresso_11u14_board_lib/Debug/libnxp_lpcxpresso_11u14_board_lib.a(board.o) (Chip_IOCON_PinMuxSet)
/home/menadue/LPCXpresso/workspace/lpc_chip_11uxx_lib/Debug/liblpc_chip_11uxx_lib.a(sysctl_11xx.o)
                              /home/menadue/LPCXpresso/workspace/nxp_lpcxpresso_11u14_board_lib/Debug/libnxp_lpcxpresso_11u14_board_lib.a(board_sysinit.o) (Chip_SYSCTL_PowerDown)
/home/menadue/LPCXpresso/workspace/lpc_chip_11uxx_lib/Debug/liblpc_chip_11uxx_lib.a(uart_11xx.o)
                              /home/menadue/LPCXpresso/workspace/nxp_lpcxpresso_11u14_board_lib/Debug/libnxp_lpcxpresso_11u14_board_lib.a(board.o) (Chip_UART_Init)
/home/menadue/LPCXpresso/workspace/lpc_chip_11uxx_lib/Debug/liblpc_chip_11uxx_lib.a(ring_buffer.o)
                              /home/menadue/LPCXpresso/workspace/lpc_chip_11uxx_lib/Debug/liblpc_chip_11uxx_lib.a(uart_11xx.o) (RingBuffer_Insert)
/usr/local/lpcxpresso_8.1.4_606/lpcxpresso/tools/bin/../lib/gcc/arm-none-eabi/5.2.1/../../../../arm-none-eabi/lib/armv6-m/libcr_c.a(memcpy.o)
                              /home/menadue/LPCXpresso/workspace/lpc_chip_11uxx_lib/Debug/liblpc_chip_11uxx_lib.a(ring_buffer.o) (memcpy)
/usr/local/lpcxpresso_8.1.4_606/lpcxpresso/tools/bin/../lib/gcc/arm-none-eabi/5.2.1/../../../../arm-none-eabi/lib/armv6-m/libcr_c.a(__weak__main.o)
                              ./src/cr_startup_lpc11uxx.o (__main)
/usr/local/lpcxpresso_8.1.4_606/lpcxpresso/tools/bin/../lib/gcc/arm-none-eabi/5.2.1/../../../../arm-none-eabi/lib/armv6-m/libcr_c.a(strlen.o)
                              ./src/menu.o (strlen)
/usr/local/lpcxpresso_8.1.4_606/lpcxpresso/tools/bin/../lib/gcc/arm-none-eabi/5.2.1/armv6-m/libcr_eabihelpers.a(division_32.o)
                              ./src/arm_dro5.o (__aeabi_idiv)
/usr/local/lpcxpresso_8.1.4_606/lpcxpresso/tools/bin/../lib/gcc/arm-none-eabi/5.2.1/armv6-m/libcr_eabihelpers.a(division_idiv0.o)
                              /usr/local/lpcxpresso_8.1.4_606/lpcxpresso/tools/bin/../lib/gcc/arm-none-eabi/5.2.1/armv6-m/libcr_eabihelpers.a(division_32.o) (__aeabi_idiv0)
/usr/local/lpcxpresso_8.1.4_606/lpcxpresso/tools/bin/../lib/gcc/arm-none-eabi/5.2.1/armv6-m/libcr_eabihelpers.a(memcpy.o)
                              /usr/local/lpcxpresso_8.1.4_606/lpcxpresso/tools/bin/../lib/gcc/arm-none-eabi/5.2.1/../../../../arm-none-eabi/lib/armv6-m/libcr_c.a(memcpy.o) (__aeabi_memcpy)

Allocating common symbols
Common symbol       size              file

SystemCoreClock     0x4               /home/menadue/LPCXpresso/workspace/lpc_chip_11uxx_lib/Debug/liblpc_chip_11uxx_lib.a(chip_11xx.o)

Discarded input sections

 .text          0x00000000        0x0 ./src/aeabi_romdiv_patch.o
 .data          0x00000000        0x0 ./src/aeabi_romdiv_patch.o
 .bss           0x00000000        0x0 ./src/aeabi_romdiv_patch.o
 .ARM.attributes
                0x00000000       0x21 ./src/aeabi_romdiv_patch.o
 .group         0x00000000        0x8 ./src/arm_dro5.o
 .group         0x00000000        0x8 ./src/arm_dro5.o
 .group         0x00000000        0x8 ./src/arm_dro5.o
 .group         0x00000000        0x8 ./src/arm_dro5.o
 .group         0x00000000        0x8 ./src/arm_dro5.o
 .group         0x00000000        0x8 ./src/arm_dro5.o
 .group         0x00000000        0x8 ./src/arm_dro5.o
 .group         0x00000000        0x8 ./src/arm_dro5.o
 .group         0x00000000        0x8 ./src/arm_dro5.o
 .group         0x00000000        0x8 ./src/arm_dro5.o
 .group         0x00000000        0x8 ./src/arm_dro5.o
 .group         0x00000000        0x8 ./src/arm_dro5.o
 .group         0x00000000        0x8 ./src/arm_dro5.o
 .group         0x00000000        0x8 ./src/arm_dro5.o
[...]
Memory Configuration

Name             Origin             Length             Attributes
MFlash32         0x00000000         0x00008000         xr
RamLoc4          0x10000000         0x00001000         xrw
RamUsb2          0x20004000         0x00000800         xrw
*default*        0x00000000         0xffffffff

Linker script and memory map

LOAD ./src/aeabi_romdiv_patch.o
LOAD ./src/arm_dro5.o
LOAD ./src/cr_startup_lpc11uxx.o
LOAD ./src/crp.o
LOAD ./src/i2c_functions.o
LOAD ./src/max7219.o
LOAD ./src/menu.o
LOAD ./src/oled096.o
LOAD ./src/sysinit.o
LOAD ./src/tft_il9341.o
LOAD /home/menadue/LPCXpresso/workspace/nxp_lpcxpresso_11u14_board_lib/Debug/libnxp_lpcxpresso_11u14_board_lib.a
LOAD /home/menadue/LPCXpresso/workspace/lpc_chip_11uxx_lib/Debug/liblpc_chip_11uxx_lib.a
START GROUP
LOAD /usr/local/lpcxpresso_8.1.4_606/lpcxpresso/tools/bin/../lib/gcc/arm-none-eabi/5.2.1/../../../../arm-none-eabi/lib/armv6-m/libcr_c.a
LOAD /usr/local/lpcxpresso_8.1.4_606/lpcxpresso/tools/bin/../lib/gcc/arm-none-eabi/5.2.1/armv6-m/libcr_eabihelpers.a
END GROUP
                0x00000000                __base_MFlash32 = 0x0
                0x00000000                __base_Flash = 0x0
                0x00008000                __top_MFlash32 = 0x8000
                0x00008000                __top_Flash = 0x8000
                0x10000000                __base_RamLoc4 = 0x10000000
                0x10000000                __base_RAM = 0x10000000
                0x10001000                __top_RamLoc4 = 0x10001000
                0x10001000                __top_RAM = 0x10001000
                0x20004000                __base_RamUsb2 = 0x20004000
                0x20004000                __base_RAM2 = 0x20004000
                0x20004800                __top_RamUsb2 = 0x20004800
                0x20004800                __top_RAM2 = 0x20004800

.text           0x00000000     0x3b90
 FILL mask 0xff
                0x00000000                __vectors_start__ = ABSOLUTE (.)
 *(.isr_vector)
 .isr_vector    0x00000000       0xc0 ./src/cr_startup_lpc11uxx.o
                0x00000000                g_pfnVectors
                0x000000c0                . = ALIGN (0x4)
                0x000000c0                __section_table_start = .
                0x000000c0                __data_section_table = .
                0x000000c0        0x4 LONG 0x3b90 LOADADDR (.data)
                0x000000c4        0x4 LONG 0x10000000 ADDR (.data)
                0x000000c8        0x4 LONG 0x66c SIZEOF (.data)
                0x000000cc        0x4 LONG 0x3b90 LOADADDR (.data_RAM2)
                0x000000d0        0x4 LONG 0x20004000 ADDR (.data_RAM2)
                0x000000d4        0x4 LONG 0x0 SIZEOF (.data_RAM2)
                0x000000d8                __data_section_table_end = .
                0x000000d8                __bss_section_table = .
                0x000000d8        0x4 LONG 0x1000066c ADDR (.bss)
                0x000000dc        0x4 LONG 0x108 SIZEOF (.bss)
                0x000000e0        0x4 LONG 0x20004000 ADDR (.bss_RAM2)
                0x000000e4        0x4 LONG 0x0 SIZEOF (.bss_RAM2)
                0x000000e8                __bss_section_table_end = .
                0x000000e8                __section_table_end = .
 *(.after_vectors*)
 .after_vectors
                0x000000e8      0x138 ./src/cr_startup_lpc11uxx.o
                0x000000e8                data_init
                0x00000128                bss_init
                0x0000015c                ResetISR
                0x000001f0                NMI_Handler
                0x000001f8                HardFault_Handler
                0x00000200                SVC_Handler
                0x00000208                PendSV_Handler
                0x00000210                SysTick_Handler
                0x00000218                TIMER16_0_IRQHandler
                0x00000218                UART_IRQHandler
                0x00000218                TIMER32_0_IRQHandler
                0x00000218                FLEX_INT7_IRQHandler
                0x00000218                TIMER32_1_IRQHandler
                0x00000218                FLEX_INT1_IRQHandler
                0x00000218                IntDefaultHandler
                0x00000218                SSP0_IRQHandler
                0x00000218                USBWakeup_IRQHandler
                0x00000218                FLEX_INT0_IRQHandler
                0x00000218                FLEX_INT2_IRQHandler
                0x00000218                TIMER16_1_IRQHandler
                0x00000218                USB_FIQHandler
                0x00000218                FLEX_INT5_IRQHandler
                0x00000218                ADC_IRQHandler
                0x00000218                SSP1_IRQHandler
                0x00000218                FLEX_INT3_IRQHandler
                0x00000218                USB_IRQHandler
                0x00000218                BOD_IRQHandler
                0x00000218                I2C_IRQHandler
                0x00000218                WDT_IRQHandler
                0x00000218                GINT0_IRQHandler
                0x00000218                FLEX_INT4_IRQHandler
                0x00000218                FLEX_INT6_IRQHandler
                0x00000218                FMC_IRQHandler
                0x00000218                GINT1_IRQHandler
                0x000002fc                . = 0x2fc
 *fill*         0x00000220       0xdc ff
                0x000002fc                PROVIDE (__CRP_WORD_START__, .)
 *(.crp)
 .crp           0x000002fc        0x4 ./src/crp.o
                0x000002fc                CRP_WORD
                0x00000300                PROVIDE (__CRP_WORD_END__, .)
                0x00000001                ASSERT (! ((__CRP_WORD_START__ == __CRP_WORD_END__)), Linker CRP Enabled, but no CRP_WORD provided within application)
 *(.text*)
 .text.Chip_GPIO_GetPinState
                0x00000300       0x38 ./src/arm_dro5.o
 .text.Chip_GPIO_SetPinDIROutput
                0x00000338       0x50 ./src/arm_dro5.o
 .text.Chip_GPIO_SetPinDIRInput
                0x00000388       0x54 ./src/arm_dro5.o
 .text.dro_delay
                0x000003dc       0x24 ./src/arm_dro5.o
                0x000003dc                dro_delay
 .text.gauge_calc_24
                0x00000400       0x58 ./src/arm_dro5.o
                0x00000400                gauge_calc_24
 .text.gauge_proc_loop
                0x00000458       0x44 ./src/arm_dro5.o
                0x00000458                gauge_proc_loop
 .text.gauge_loop
                0x0000049c       0x68 ./src/arm_dro5.o
                0x0000049c                gauge_loop
 .text.touch_loop
                0x00000504       0x28 ./src/arm_dro5.o
                0x00000504                touch_loop
 .text.main     0x0000052c      0x6a8 ./src/arm_dro5.o
                0x0000052c                main
 .text.Chip_GPIO_SetPinState
                0x00000bd4       0x40 ./src/i2c_functions.o
 .text.Chip_GPIO_GetPinState
                0x00000c14       0x38 ./src/i2c_functions.o
 .text.Chip_GPIO_SetPinDIROutput
                0x00000c4c       0x50 ./src/i2c_functions.o
 .text.Chip_GPIO_SetPinDIRInput
                0x00000c9c       0x54 ./src/i2c_functions.o
 .text.i2c_release
                0x00000cf0       0x34 ./src/i2c_functions.o
                0x00000cf0                i2c_release
 .text.i2c_delay
                0x00000d24       0x24 ./src/i2c_functions.o
                0x00000d24                i2c_delay
 .text.i2c_sda_low
                0x00000d48       0x34 ./src/i2c_functions.o
                0x00000d48                i2c_sda_low
 .text.i2c_sda_high
                0x00000d7c       0x24 ./src/i2c_functions.o
                0x00000d7c                i2c_sda_high
 .text.i2c_scl_low
                0x00000da0       0x34 ./src/i2c_functions.o
                0x00000da0                i2c_scl_low
 .text.i2c_scl_high
                0x00000dd4       0x24 ./src/i2c_functions.o
                0x00000dd4                i2c_scl_high
 .text.i2c_read_sda
                0x00000df8       0x24 ./src/i2c_functions.o
                0x00000df8                i2c_read_sda
 .text.i2c_start
                0x00000e1c       0x30 ./src/i2c_functions.o
                0x00000e1c                i2c_start
 .text.i2c_stop
                0x00000e4c       0x30 ./src/i2c_functions.o
                0x00000e4c                i2c_stop
 .text.i2c_send_byte
                0x00000e7c       0xd4 ./src/i2c_functions.o
                0x00000e7c                i2c_send_byte
 .text.i2c_recv_byte
                0x00000f50       0xb4 ./src/i2c_functions.o
                0x00000f50                i2c_recv_byte
 .text.i2c_read_bytes
                0x00001004       0x9c ./src/i2c_functions.o
                0x00001004                i2c_read_bytes
 .text.Chip_GPIO_SetPinState
                0x000010a0       0x40 ./src/max7219.o
 .text.Chip_GPIO_SetPinDIROutput
                0x000010e0       0x50 ./src/max7219.o
 .text.max7219_setup
                0x00001130       0xf0 ./src/max7219.o
                0x00001130                max7219_setup
 .text.max7219_write_cmd
                0x00001220      0x10c ./src/max7219.o
                0x00001220                max7219_write_cmd
 .text.max7219_write_int
                0x0000132c      0x148 ./src/max7219.o
                0x0000132c                max7219_write_int
 .text.to_home_menu
                0x00001474       0x34 ./src/menu.o
                0x00001474                to_home_menu
 .text.set_boxes_on
                0x000014a8       0x1c ./src/menu.o
                0x000014a8                set_boxes_on
 .text.set_boxes_off
                0x000014c4       0x1c ./src/menu.o
                0x000014c4                set_boxes_off
 .text.demo_on  0x000014e0       0x1c ./src/menu.o
                0x000014e0                demo_on
 .text.demo_off
                0x000014fc       0x1c ./src/menu.o
                0x000014fc                demo_off
 .text.set_px   0x00001518       0x58 ./src/menu.o
                0x00001518                set_px
 .text.set_py   0x00001570       0x58 ./src/menu.o
                0x00001570                set_py
 .text.set_pz   0x000015c8       0x58 ./src/menu.o
                0x000015c8                set_pz
 .text.centre_x
                0x00001620       0x34 ./src/menu.o
                0x00001620                centre_x
 .text.centre_y
                0x00001654       0x34 ./src/menu.o
                0x00001654                centre_y
 .text.centre_z
                0x00001688       0x34 ./src/menu.o
                0x00001688                centre_z
 .text.sum_x_xy
                0x000016bc       0x34 ./src/menu.o
                0x000016bc                sum_x_xy
 .text.sum_x_x  0x000016f0       0x34 ./src/menu.o
                0x000016f0                sum_x_x
 .text.sum_x_xz
                0x00001724       0x34 ./src/menu.o
                0x00001724                sum_x_xz
 .text.sum_y_y  0x00001758       0x34 ./src/menu.o
                0x00001758                sum_y_y
 .text.sum_y_yz
                0x0000178c       0x34 ./src/menu.o
                0x0000178c                sum_y_yz
 .text.set_as_mill
                0x000017c0       0x24 ./src/menu.o
                0x000017c0                set_as_mill
 .text.set_as_lathe
                0x000017e4       0x24 ./src/menu.o
                0x000017e4                set_as_lathe
 .text.undraw_button
                0x00001808       0x74 ./src/menu.o
                0x00001808                undraw_button
 .text.draw_button
                0x0000187c       0x74 ./src/menu.o
                0x0000187c                draw_button
 .text.draw_menu
                0x000018f0      0x104 ./src/menu.o
                0x000018f0                draw_menu
 .text.process_menu
                0x000019f4      0x12c ./src/menu.o
                0x000019f4                process_menu
 .text.menu_setup
                0x00001b20       0x30 ./src/menu.o
                0x00001b20                menu_setup
 .text.oled_send_cmd
                0x00001b50       0x94 ./src/oled096.o
                0x00001b50                oled_send_cmd
 .text.oled_set_xy
                0x00001be4       0xa0 ./src/oled096.o
                0x00001be4                oled_set_xy
 .text.oled_gap
                0x00001c84       0x2c ./src/oled096.o
                0x00001c84                oled_gap
 .text.oled_display_int
                0x00001cb0       0xb8 ./src/oled096.o
                0x00001cb0                oled_display_int
 .text.oled_display_string
                0x00001d68       0x64 ./src/oled096.o
                0x00001d68                oled_display_string
 .text.oled_clear_display
                0x00001dcc       0x48 ./src/oled096.o
                0x00001dcc                oled_clear_display
 .text.oled_display_scaled_string_xy
                0x00001e14      0x1cc ./src/oled096.o
                0x00001e14                oled_display_scaled_string_xy
 .text.oled_setup
                0x00001fe0       0x64 ./src/oled096.o
                0x00001fe0                oled_setup
 .text.SystemInit
                0x00002044       0x10 ./src/sysinit.o
                0x00002044                SystemInit
 .text.Chip_GPIO_SetPinState
                0x00002054       0x40 ./src/tft_il9341.o
 .text.Chip_GPIO_GetPinState
                0x00002094       0x38 ./src/tft_il9341.o
 .text.Chip_GPIO_SetPinDIROutput
                0x000020cc       0x50 ./src/tft_il9341.o
 .text.Chip_GPIO_SetPinDIRInput
                0x0000211c       0x54 ./src/tft_il9341.o
 .text.abs      0x00002170       0x20 ./src/tft_il9341.o
                0x00002170                abs
 .text.map      0x00002190       0x3c ./src/tft_il9341.o
                0x00002190                map
 .text.constrain
                0x000021cc       0x30 ./src/tft_il9341.o
                0x000021cc                constrain
 .text.tft_delay
                0x000021fc       0x24 ./src/tft_il9341.o
                0x000021fc                tft_delay
 .text.tft_init
                0x00002220      0x158 ./src/tft_il9341.o
                0x00002220                tft_init
 .text.tft_spiwrite
                0x00002378       0x6c ./src/tft_il9341.o
                0x00002378                tft_spiwrite
 .text.tft_writecommand
                0x000023e4       0x58 ./src/tft_il9341.o
                0x000023e4                tft_writecommand
 .text.tft_writedata
                0x0000243c       0x48 ./src/tft_il9341.o
                0x0000243c                tft_writedata
 .text.tft_begin
                0x00002484      0x238 ./src/tft_il9341.o
                0x00002484                tft_begin
 .text.tft_setAddrWindow
                0x000026bc       0xb0 ./src/tft_il9341.o
                0x000026bc                tft_setAddrWindow
 .text.tft_drawPixel
                0x0000276c       0xa0 ./src/tft_il9341.o
                0x0000276c                tft_drawPixel
 .text.tft_drawBox
                0x0000280c       0xb4 ./src/tft_il9341.o
                0x0000280c                tft_drawBox
 .text.tft_drawString
                0x000028c0       0xe4 ./src/tft_il9341.o
                0x000028c0                tft_drawString
 .text.tft_fillScreen
                0x000029a4       0x3c ./src/tft_il9341.o
                0x000029a4                tft_fillScreen
 .text.tft_fillRect
                0x000029e0      0x17c ./src/tft_il9341.o
                0x000029e0                tft_fillRect
 .text.tft_setRotation
                0x00002b5c       0xa4 ./src/tft_il9341.o
                0x00002b5c                tft_setRotation
 .text.TFT_Touch_Pressed
                0x00002c00      0x280 ./src/tft_il9341.o
                0x00002c00                TFT_Touch_Pressed
 .text.TFT_Touch_ReadAxis
                0x00002e80       0xcc ./src/tft_il9341.o
                0x00002e80                TFT_Touch_ReadAxis
 .text.TFT_Touch_ReadData
                0x00002f4c       0x78 ./src/tft_il9341.o
                0x00002f4c                TFT_Touch_ReadData
 .text.TFT_Touch_OutputData
                0x00002fc4       0x60 ./src/tft_il9341.o
                0x00002fc4                TFT_Touch_OutputData
 .text.TFT_Touch_X
                0x00003024       0x14 ./src/tft_il9341.o
                0x00003024                TFT_Touch_X
 .text.TFT_Touch_Y
                0x00003038       0x14 ./src/tft_il9341.o
                0x00003038                TFT_Touch_Y
 .text.TFT_Touch_setCal
                0x0000304c       0x84 ./src/tft_il9341.o
                0x0000304c                TFT_Touch_setCal
 .text.Chip_GPIO_SetPinDIROutput
                0x000030d0       0x50 /home/menadue/LPCXpresso/workspace/nxp_lpcxpresso_11u14_board_lib/Debug/libnxp_lpcxpresso_11u14_board_lib.a(board.o)
 .text.Board_LED_Init
                0x00003120       0x18 /home/menadue/LPCXpresso/workspace/nxp_lpcxpresso_11u14_board_lib/Debug/libnxp_lpcxpresso_11u14_board_lib.a(board.o)
 .text.Board_Init
                0x00003138       0x18 /home/menadue/LPCXpresso/workspace/nxp_lpcxpresso_11u14_board_lib/Debug/libnxp_lpcxpresso_11u14_board_lib.a(board.o)
                0x00003138                Board_Init
 .text.Chip_FMC_SetFLASHAccess
                0x00003150       0x30 /home/menadue/LPCXpresso/workspace/nxp_lpcxpresso_11u14_board_lib/Debug/libnxp_lpcxpresso_11u14_board_lib.a(board_sysinit.o)
 .text.Chip_Clock_SetupSystemPLL
                0x00003180       0x38 /home/menadue/LPCXpresso/workspace/nxp_lpcxpresso_11u14_board_lib/Debug/libnxp_lpcxpresso_11u14_board_lib.a(board_sysinit.o)
 .text.Chip_Clock_IsSystemPLLLocked
                0x000031b8       0x1c /home/menadue/LPCXpresso/workspace/nxp_lpcxpresso_11u14_board_lib/Debug/libnxp_lpcxpresso_11u14_board_lib.a(board_sysinit.o)
 .text.Chip_Clock_SetupUSBPLL
                0x000031d4       0x38 /home/menadue/LPCXpresso/workspace/nxp_lpcxpresso_11u14_board_lib/Debug/libnxp_lpcxpresso_11u14_board_lib.a(board_sysinit.o)
 .text.Chip_Clock_IsUSBPLLLocked
                0x0000320c       0x1c /home/menadue/LPCXpresso/workspace/nxp_lpcxpresso_11u14_board_lib/Debug/libnxp_lpcxpresso_11u14_board_lib.a(board_sysinit.o)
 .text.Chip_Clock_SetSysClockDiv
                0x00003228       0x1c /home/menadue/LPCXpresso/workspace/nxp_lpcxpresso_11u14_board_lib/Debug/libnxp_lpcxpresso_11u14_board_lib.a(board_sysinit.o)
 .text.Chip_Clock_EnablePeriphClock
                0x00003244       0x30 /home/menadue/LPCXpresso/workspace/nxp_lpcxpresso_11u14_board_lib/Debug/libnxp_lpcxpresso_11u14_board_lib.a(board_sysinit.o)
 .text.SystemSetupClocking
                0x00003274       0x94 /home/menadue/LPCXpresso/workspace/nxp_lpcxpresso_11u14_board_lib/Debug/libnxp_lpcxpresso_11u14_board_lib.a(board_sysinit.o)
 .text.SystemSetupMuxing
                0x00003308       0x58 /home/menadue/LPCXpresso/workspace/nxp_lpcxpresso_11u14_board_lib/Debug/libnxp_lpcxpresso_11u14_board_lib.a(board_sysinit.o)
 .text.Board_SystemInit
                0x00003360       0x14 /home/menadue/LPCXpresso/workspace/nxp_lpcxpresso_11u14_board_lib/Debug/libnxp_lpcxpresso_11u14_board_lib.a(board_sysinit.o)
                0x00003360                Board_SystemInit
 .text.SystemCoreClockUpdate
                0x00003374       0x18 /home/menadue/LPCXpresso/workspace/lpc_chip_11uxx_lib/Debug/liblpc_chip_11uxx_lib.a(chip_11xx.o)
                0x00003374                SystemCoreClockUpdate
 .text.Chip_Clock_GetMainOscRate
                0x0000338c       0x14 /home/menadue/LPCXpresso/workspace/lpc_chip_11uxx_lib/Debug/liblpc_chip_11uxx_lib.a(clock_11xx.o)
 .text.Chip_Clock_GetIntOscRate
                0x000033a0       0x10 /home/menadue/LPCXpresso/workspace/lpc_chip_11uxx_lib/Debug/liblpc_chip_11uxx_lib.a(clock_11xx.o)
 .text.Chip_Clock_GetWDTLFORate
                0x000033b0       0x48 /home/menadue/LPCXpresso/workspace/lpc_chip_11uxx_lib/Debug/liblpc_chip_11uxx_lib.a(clock_11xx.o)
 .text.Chip_Clock_GetPLLFreq
                0x000033f8       0x24 /home/menadue/LPCXpresso/workspace/lpc_chip_11uxx_lib/Debug/liblpc_chip_11uxx_lib.a(clock_11xx.o)
 .text.Chip_Clock_SetSystemPLLSource
                0x0000341c       0x2c /home/menadue/LPCXpresso/workspace/lpc_chip_11uxx_lib/Debug/liblpc_chip_11uxx_lib.a(clock_11xx.o)
                0x0000341c                Chip_Clock_SetSystemPLLSource
 .text.Chip_Clock_SetUSBPLLSource
                0x00003448       0x2c /home/menadue/LPCXpresso/workspace/lpc_chip_11uxx_lib/Debug/liblpc_chip_11uxx_lib.a(clock_11xx.o)
                0x00003448                Chip_Clock_SetUSBPLLSource
 .text.Chip_Clock_SetMainClockSource
                0x00003474       0x2c /home/menadue/LPCXpresso/workspace/lpc_chip_11uxx_lib/Debug/liblpc_chip_11uxx_lib.a(clock_11xx.o)
                0x00003474                Chip_Clock_SetMainClockSource
 .text.Chip_Clock_GetWDTOSCRate
                0x000034a0       0x1c /home/menadue/LPCXpresso/workspace/lpc_chip_11uxx_lib/Debug/liblpc_chip_11uxx_lib.a(clock_11xx.o)
                0x000034a0                Chip_Clock_GetWDTOSCRate
 .text.Chip_Clock_GetSystemPLLInClockRate
                0x000034bc       0x40 /home/menadue/LPCXpresso/workspace/lpc_chip_11uxx_lib/Debug/liblpc_chip_11uxx_lib.a(clock_11xx.o)
                0x000034bc                Chip_Clock_GetSystemPLLInClockRate
 .text.Chip_Clock_GetSystemPLLOutClockRate
                0x000034fc       0x24 /home/menadue/LPCXpresso/workspace/lpc_chip_11uxx_lib/Debug/liblpc_chip_11uxx_lib.a(clock_11xx.o)
                0x000034fc                Chip_Clock_GetSystemPLLOutClockRate
 .text.Chip_Clock_GetMainClockRate
                0x00003520       0x60 /home/menadue/LPCXpresso/workspace/lpc_chip_11uxx_lib/Debug/liblpc_chip_11uxx_lib.a(clock_11xx.o)
                0x00003520                Chip_Clock_GetMainClockRate
 .text.Chip_Clock_GetSystemClockRate
                0x00003580       0x24 /home/menadue/LPCXpresso/workspace/lpc_chip_11uxx_lib/Debug/liblpc_chip_11uxx_lib.a(clock_11xx.o)
                0x00003580                Chip_Clock_GetSystemClockRate
 .text.Chip_Clock_EnablePeriphClock
                0x000035a4       0x30 /home/menadue/LPCXpresso/workspace/lpc_chip_11uxx_lib/Debug/liblpc_chip_11uxx_lib.a(gpio_11xx_1.o)
 .text.Chip_GPIO_Init
                0x000035d4       0x18 /home/menadue/LPCXpresso/workspace/lpc_chip_11uxx_lib/Debug/liblpc_chip_11uxx_lib.a(gpio_11xx_1.o)
                0x000035d4                Chip_GPIO_Init
 .text.Chip_IOCON_PinMuxSet
                0x000035ec       0x50 /home/menadue/LPCXpresso/workspace/lpc_chip_11uxx_lib/Debug/liblpc_chip_11uxx_lib.a(iocon_11xx.o)
                0x000035ec                Chip_IOCON_PinMuxSet
 .text.Chip_SYSCTL_PowerDown
                0x0000363c       0x44 /home/menadue/LPCXpresso/workspace/lpc_chip_11uxx_lib/Debug/liblpc_chip_11uxx_lib.a(sysctl_11xx.o)
                0x0000363c                Chip_SYSCTL_PowerDown
 .text.Chip_SYSCTL_PowerUp
                0x00003680       0x44 /home/menadue/LPCXpresso/workspace/lpc_chip_11uxx_lib/Debug/liblpc_chip_11uxx_lib.a(sysctl_11xx.o)
                0x00003680                Chip_SYSCTL_PowerUp
 .text.__weak_main
                0x000036c4        0x8 /usr/local/lpcxpresso_8.1.4_606/lpcxpresso/tools/bin/../lib/gcc/arm-none-eabi/5.2.1/../../../../arm-none-eabi/lib/armv6-m/libcr_c.a(__weak__main.o)
                0x000036c4                __main
                0x000036c4                __weak_main
 .text.strlen   0x000036cc       0x54 /usr/local/lpcxpresso_8.1.4_606/lpcxpresso/tools/bin/../lib/gcc/arm-none-eabi/5.2.1/../../../../arm-none-eabi/lib/armv6-m/libcr_c.a(strlen.o)
                0x000036cc                strlen
 .text.__aeabi_division_idivmod
                0x00003720       0x78 /usr/local/lpcxpresso_8.1.4_606/lpcxpresso/tools/bin/../lib/gcc/arm-none-eabi/5.2.1/armv6-m/libcr_eabihelpers.a(division_32.o)
                0x00003720                __aeabi_idiv
                0x00003720                __aeabi_idivmod
                0x00003726                __aeabi_uidiv
                0x00003726                __aeabi_uidivmod
 .text.__aeabi_division_idiv0
                0x00003798        0x2 /usr/local/lpcxpresso_8.1.4_606/lpcxpresso/tools/bin/../lib/gcc/arm-none-eabi/5.2.1/armv6-m/libcr_eabihelpers.a(division_idiv0.o)
                0x00003798                __aeabi_idiv0
 *(.rodata .rodata.* .constdata .constdata.*)
 *fill*         0x0000379a        0x2 ff
 .rodata        0x0000379c       0x42 ./src/arm_dro5.o
 *fill*         0x000037de        0x2 ff
 .rodata        0x000037e0      0x13f ./src/menu.o
 *fill*         0x0000391f        0x1 ff
 .rodata.init_seq2
                0x00003920       0x1e ./src/oled096.o
                0x00003920                init_seq2
 *fill*         0x0000393e        0x2 ff
 .rodata.font_5x7_letters
                0x00003940      0x1e0 ./src/oled096.o
                0x00003940                font_5x7_letters
 .rodata        0x00003b20        0x6 ./src/oled096.o
 *fill*         0x00003b26        0x2 ff
 .rodata.OscRateIn
                0x00003b28        0x4 /home/menadue/LPCXpresso/workspace/nxp_lpcxpresso_11u14_board_lib/Debug/libnxp_lpcxpresso_11u14_board_lib.a(board.o)
                0x00003b28                OscRateIn
 .rodata.pinmuxing
                0x00003b2c       0x24 /home/menadue/LPCXpresso/workspace/nxp_lpcxpresso_11u14_board_lib/Debug/libnxp_lpcxpresso_11u14_board_lib.a(board_sysinit.o)
 .rodata.wdtOSCRate
                0x00003b50       0x40 /home/menadue/LPCXpresso/workspace/lpc_chip_11uxx_lib/Debug/liblpc_chip_11uxx_lib.a(clock_11xx.o)
                0x00003b90                . = ALIGN (0x4)

.glue_7         0x00003b90        0x0
 .glue_7        0x00003b90        0x0 linker stubs

.glue_7t        0x00003b90        0x0
 .glue_7t       0x00003b90        0x0 linker stubs

.vfp11_veneer   0x00003b90        0x0
 .vfp11_veneer  0x00003b90        0x0 linker stubs

.v4_bx          0x00003b90        0x0
 .v4_bx         0x00003b90        0x0 linker stubs

.iplt           0x00003b90        0x0
 .iplt          0x00003b90        0x0 ./src/arm_dro5.o

.rel.dyn        0x00003b90        0x0
 .rel.iplt      0x00003b90        0x0 ./src/arm_dro5.o

.ARM.extab
 *(.ARM.extab* .gnu.linkonce.armextab.*)
                0x00003b90                __exidx_start = .

.ARM.exidx
 *(.ARM.exidx* .gnu.linkonce.armexidx.*)
                0x00003b90                __exidx_end = .
                0x00003b90                _etext = .

.data_RAM2      0x20004000        0x0 load address 0x00003b90
 FILL mask 0xff
                [!provide]                PROVIDE (__start_data_RAM2, .)
 *(.ramfunc.$RAM2)
 *(.ramfunc.$RamUsb2)
 *(.data.$RAM2*)
 *(.data.$RamUsb2*)
                0x20004000                . = ALIGN (0x4)
                [!provide]                PROVIDE (__end_data_RAM2, .)

.uninit_RESERVED
                0x10000000        0x0
 *(.bss.$RESERVED*)
                0x10000000                . = ALIGN (0x4)
                0x10000000                _end_uninit_RESERVED = .

.data           0x10000000      0x66c load address 0x00003b90
 FILL mask 0xff
                0x10000000                _data = .
 *(vtable)
 *(.ramfunc*)
 *(.data*)
 .data.sum_mode_x
                0x10000000        0x1 ./src/arm_dro5.o
                0x10000000                sum_mode_x
 .data.sum_mode_y
                0x10000001        0x1 ./src/arm_dro5.o
                0x10000001                sum_mode_y
 *fill*         0x10000002        0x2 ff
 .data.i2c_bus_0
                0x10000004        0x4 ./src/arm_dro5.o
                0x10000004                i2c_bus_0
 .data.i2c_bus_1
                0x10000008        0x4 ./src/arm_dro5.o
                0x10000008                i2c_bus_1
 .data.i2c_bus_2
                0x1000000c        0x4 ./src/arm_dro5.o
                0x1000000c                i2c_bus_2
 .data.oled0    0x10000010        0x8 ./src/arm_dro5.o
                0x10000010                oled0
 .data.oled1    0x10000018        0x8 ./src/arm_dro5.o
                0x10000018                oled1
 .data.oled2    0x10000020        0x8 ./src/arm_dro5.o
                0x10000020                oled2
 .data.gauge1   0x10000028        0x8 ./src/arm_dro5.o
                0x10000028                gauge1
 .data.gauge4   0x10000030        0x8 ./src/arm_dro5.o
                0x10000030                gauge4
 .data.gauge5   0x10000038        0x8 ./src/arm_dro5.o
                0x10000038                gauge5
 .data.gauge2   0x10000040        0x8 ./src/arm_dro5.o
                0x10000040                gauge2
 .data.gauge3   0x10000048        0x8 ./src/arm_dro5.o
                0x10000048                gauge3
 .data.gauge0   0x10000050        0x8 ./src/arm_dro5.o
                0x10000050                gauge0
 .data.value2   0x10000058        0x4 ./src/arm_dro5.o
                0x10000058                value2
 .data.is_lathe
                0x1000005c        0x4 ./src/menu.o
                0x1000005c                is_lathe
 .data.elem_mill
                0x10000060       0x6c ./src/menu.o
                0x10000060                elem_mill
 .data.elem_lathe
                0x100000cc       0xb4 ./src/menu.o
                0x100000cc                elem_lathe
 .data.elem_demo
                0x10000180       0x90 ./src/menu.o
                0x10000180                elem_demo
 .data.elem_setup
                0x10000210       0xfc ./src/menu.o
                0x10000210                elem_setup
 .data.elem_sum
                0x1000030c       0xfc ./src/menu.o
                0x1000030c                elem_sum
 .data.elem_temp
                0x10000408       0x90 ./src/menu.o
                0x10000408                elem_temp
 .data.elem_layout
                0x10000498       0xb4 ./src/menu.o
                0x10000498                elem_layout
 .data.home_menu
                0x1000054c      0x120 ./src/menu.o
                0x1000054c                home_menu
                0x1000066c                . = ALIGN (0x4)
                0x1000066c                _edata = .

.igot.plt       0x1000066c        0x0 load address 0x000041fc
 .igot.plt      0x1000066c        0x0 ./src/arm_dro5.o

.bss_RAM2       0x20004000        0x0
                [!provide]                PROVIDE (__start_bss_RAM2, .)
 *(.bss.$RAM2*)
 *(.bss.$RamUsb2*)
                0x20004000                . = ALIGN ((. != 0x0)?0x4:0x1)
                [!provide]                PROVIDE (__end_bss_RAM2, .)

.bss            0x1000066c      0x108
                0x1000066c                _bss = .
 *(.bss*)
 .bss.gauge_x   0x1000066c        0x4 ./src/arm_dro5.o
                0x1000066c                gauge_x
 .bss.gauge_y   0x10000670        0x4 ./src/arm_dro5.o
                0x10000670                gauge_y
 .bss.gauge_z   0x10000674        0x4 ./src/arm_dro5.o
                0x10000674                gauge_z
 .bss.offset_x  0x10000678        0x4 ./src/arm_dro5.o
                0x10000678                offset_x
 .bss.offset_y  0x1000067c        0x4 ./src/arm_dro5.o
                0x1000067c                offset_y
 .bss.offset_z  0x10000680        0x4 ./src/arm_dro5.o
                0x10000680                offset_z
 .bss.value     0x10000684        0x4 ./src/arm_dro5.o
                0x10000684                value
 .bss.gauge_data
                0x10000688        0x4 ./src/arm_dro5.o
                0x10000688                gauge_data
 .bss.gauge_value
                0x1000068c        0x4 ./src/arm_dro5.o
                0x1000068c                gauge_value
 .bss.i.6337    0x10000690        0x4 ./src/arm_dro5.o
 .bss.j.6338    0x10000694        0x4 ./src/arm_dro5.o
 .bss.current_digit
                0x10000698        0xc ./src/max7219.o
                0x10000698                current_digit
 .bss.demo_mode
                0x100006a4        0x4 ./src/menu.o
                0x100006a4                demo_mode
 .bss.draw_button_box
                0x100006a8        0x4 ./src/menu.o
                0x100006a8                draw_button_box
 .bss.px        0x100006ac        0x4 ./src/menu.o
                0x100006ac                px
 .bss.py        0x100006b0        0x4 ./src/menu.o
                0x100006b0                py
 .bss.pz        0x100006b4        0x4 ./src/menu.o
                0x100006b4                pz
 .bss.is_mill   0x100006b8        0x4 ./src/menu.o
                0x100006b8                is_mill
 .bss.current_menu
                0x100006bc        0x4 ./src/menu.o
                0x100006bc                current_menu
 .bss.last_menu
                0x100006c0        0x4 ./src/menu.o
                0x100006c0                last_menu
 .bss.the_home_menu
                0x100006c4        0x4 ./src/menu.o
                0x100006c4                the_home_menu
 .bss.press_counter
                0x100006c8        0x4 ./src/menu.o
                0x100006c8                press_counter
 .bss.press_elem
                0x100006cc        0x4 ./src/menu.o
                0x100006cc                press_elem
 .bss.pressed_button
                0x100006d0        0x4 ./src/menu.o
                0x100006d0                pressed_button
 .bss.new_press
                0x100006d4        0x4 ./src/menu.o
                0x100006d4                new_press
 .bss.scaled_line
                0x100006d8       0x64 ./src/oled096.o
                0x100006d8                scaled_line
 .bss.rotation  0x1000073c        0x4 ./src/tft_il9341.o
                0x1000073c                rotation
 .bss._height   0x10000740        0x4 ./src/tft_il9341.o
                0x10000740                _height
 .bss._width    0x10000744        0x4 ./src/tft_il9341.o
                0x10000744                _width
 .bss._rst      0x10000748        0x4 ./src/tft_il9341.o
                0x10000748                _rst
 .bss.touch_xcoord
                0x1000074c        0x2 ./src/tft_il9341.o
                0x1000074c                touch_xcoord
 .bss.touch_ycoord
                0x1000074e        0x2 ./src/tft_il9341.o
                0x1000074e                touch_ycoord
 .bss.touch_xraw
                0x10000750        0x2 ./src/tft_il9341.o
                0x10000750                touch_xraw
 .bss.touch_yraw
                0x10000752        0x2 ./src/tft_il9341.o
                0x10000752                touch_yraw
 .bss.touch_hmin
                0x10000754        0x2 ./src/tft_il9341.o
                0x10000754                touch_hmin
 .bss.touch_hmax
                0x10000756        0x2 ./src/tft_il9341.o
                0x10000756                touch_hmax
 .bss.touch_vmin
                0x10000758        0x2 ./src/tft_il9341.o
                0x10000758                touch_vmin
 .bss.touch_vmax
                0x1000075a        0x2 ./src/tft_il9341.o
                0x1000075a                touch_vmax
 .bss.touch_hres
                0x1000075c        0x2 ./src/tft_il9341.o
                0x1000075c                touch_hres
 .bss.touch_vres
                0x1000075e        0x2 ./src/tft_il9341.o
                0x1000075e                touch_vres
 .bss.touch_xflip
                0x10000760        0x4 ./src/tft_il9341.o
                0x10000760                touch_xflip
 .bss.touch_yflip
                0x10000764        0x4 ./src/tft_il9341.o
                0x10000764                touch_yflip
 .bss.touch_xyswap
                0x10000768        0x4 ./src/tft_il9341.o
                0x10000768                touch_xyswap
 .bss.touch_axis
                0x1000076c        0x4 ./src/tft_il9341.o
                0x1000076c                touch_axis
 *(COMMON)
 COMMON         0x10000770        0x4 /home/menadue/LPCXpresso/workspace/lpc_chip_11uxx_lib/Debug/liblpc_chip_11uxx_lib.a(chip_11xx.o)
                0x10000770                SystemCoreClock
                0x10000774                . = ALIGN (0x4)
                0x10000774                _ebss = .
                [!provide]                PROVIDE (end, .)

.noinit_RAM2    0x20004000        0x0
 *(.noinit.$RAM2*)
 *(.noinit.$RamUsb2*)
                0x20004000                . = ALIGN (0x4)

.noinit         0x10000774        0x0
                0x10000774                _noinit = .
 *(.noinit*)
                0x10000774                . = ALIGN (0x4)
                0x10000774                _end_noinit = .
                [!provide]                PROVIDE (_pvHeapStart, DEFINED (__user_heap_base)?__user_heap_base:.)
                0x10001000                PROVIDE (_vStackTop, DEFINED (__user_stack_top)?__user_stack_top:(__top_RamLoc4 - 0x0))
                0xefffeab9                PROVIDE (__valid_user_code_checksum, (0x0 - (((_vStackTop + (ResetISR + 0x1)) + (DEFINED (NMI_Handler)?NMI_Handler:M0_NMI_Handler + 0x1)) + (DEFINED (HardFault_Handler)?HardFault_Handler:M0_HardFault_Handler + 0x1))))
OUTPUT(arm_dro5.axf elf32-littlearm)

.debug_info     0x00000000     0x5c97
 .debug_info    0x00000000      0x7b5 ./src/arm_dro5.o
 .debug_info    0x000007b5      0x21b ./src/cr_startup_lpc11uxx.o
 .debug_info    0x000009d0       0x3f ./src/crp.o
 .debug_info    0x00000a0f      0x633 ./src/i2c_functions.o
 .debug_info    0x00001042      0x506 ./src/max7219.o
 .debug_info    0x00001548      0xa4c ./src/menu.o
 .debug_info    0x00001f94      0x56d ./src/oled096.o
 .debug_info    0x00002501       0xb8 ./src/sysinit.o
 .debug_info    0x000025b9      0xbe9 ./src/tft_il9341.o
 .debug_info    0x000031a2      0x79e /home/menadue/LPCXpresso/workspace/nxp_lpcxpresso_11u14_board_lib/Debug/libnxp_lpcxpresso_11u14_board_lib.a(board.o)
 .debug_info    0x00003940      0x96c /home/menadue/LPCXpresso/workspace/nxp_lpcxpresso_11u14_board_lib/Debug/libnxp_lpcxpresso_11u14_board_lib.a(board_sysinit.o)
 .debug_info    0x000042ac       0xc2 /home/menadue/LPCXpresso/workspace/lpc_chip_11uxx_lib/Debug/liblpc_chip_11uxx_lib.a(chip_11xx.o)
 .debug_info    0x0000436e      0x8de /home/menadue/LPCXpresso/workspace/lpc_chip_11uxx_lib/Debug/liblpc_chip_11uxx_lib.a(clock_11xx.o)
 .debug_info    0x00004c4c      0x973 /home/menadue/LPCXpresso/workspace/lpc_chip_11uxx_lib/Debug/liblpc_chip_11uxx_lib.a(gpio_11xx_1.o)
 .debug_info    0x000055bf      0x155 /home/menadue/LPCXpresso/workspace/lpc_chip_11uxx_lib/Debug/liblpc_chip_11uxx_lib.a(iocon_11xx.o)
 .debug_info    0x00005714      0x583 /home/menadue/LPCXpresso/workspace/lpc_chip_11uxx_lib/Debug/liblpc_chip_11uxx_lib.a(sysctl_11xx.o)

.debug_abbrev   0x00000000     0x15ee
 .debug_abbrev  0x00000000      0x212 ./src/arm_dro5.o
 .debug_abbrev  0x00000212       0xfc ./src/cr_startup_lpc11uxx.o
 .debug_abbrev  0x0000030e       0x36 ./src/crp.o
 .debug_abbrev  0x00000344      0x1b3 ./src/i2c_functions.o
 .debug_abbrev  0x000004f7      0x154 ./src/max7219.o
 .debug_abbrev  0x0000064b      0x1f3 ./src/menu.o
 .debug_abbrev  0x0000083e      0x142 ./src/oled096.o
 .debug_abbrev  0x00000980       0x6a ./src/sysinit.o
 .debug_abbrev  0x000009ea      0x2b7 ./src/tft_il9341.o
 .debug_abbrev  0x00000ca1      0x238 /home/menadue/LPCXpresso/workspace/nxp_lpcxpresso_11u14_board_lib/Debug/libnxp_lpcxpresso_11u14_board_lib.a(board.o)
 .debug_abbrev  0x00000ed9      0x1cf /home/menadue/LPCXpresso/workspace/nxp_lpcxpresso_11u14_board_lib/Debug/libnxp_lpcxpresso_11u14_board_lib.a(board_sysinit.o)
 .debug_abbrev  0x000010a8       0x7b /home/menadue/LPCXpresso/workspace/lpc_chip_11uxx_lib/Debug/liblpc_chip_11uxx_lib.a(chip_11xx.o)
 .debug_abbrev  0x00001123      0x1c0 /home/menadue/LPCXpresso/workspace/lpc_chip_11uxx_lib/Debug/liblpc_chip_11uxx_lib.a(clock_11xx.o)
 .debug_abbrev  0x000012e3      0x175 /home/menadue/LPCXpresso/workspace/lpc_chip_11uxx_lib/Debug/liblpc_chip_11uxx_lib.a(gpio_11xx_1.o)
 .debug_abbrev  0x00001458       0xc8 /home/menadue/LPCXpresso/workspace/lpc_chip_11uxx_lib/Debug/liblpc_chip_11uxx_lib.a(iocon_11xx.o)
 .debug_abbrev  0x00001520       0xce /home/menadue/LPCXpresso/workspace/lpc_chip_11uxx_lib/Debug/liblpc_chip_11uxx_lib.a(sysctl_11xx.o)

.debug_aranges  0x00000000      0x798
 .debug_aranges
                0x00000000       0x68 ./src/arm_dro5.o
 .debug_aranges
                0x00000068       0x60 ./src/cr_startup_lpc11uxx.o
 .debug_aranges
                0x000000c8       0x18 ./src/crp.o
 .debug_aranges
                0x000000e0       0xa8 ./src/i2c_functions.o
 .debug_aranges
                0x00000188       0x40 ./src/max7219.o
 .debug_aranges
                0x000001c8      0x128 ./src/menu.o
 .debug_aranges
                0x000002f0       0x68 ./src/oled096.o
 .debug_aranges
                0x00000358       0x20 ./src/sysinit.o
 .debug_aranges
                0x00000378      0x158 ./src/tft_il9341.o
 .debug_aranges
                0x000004d0       0xd0 /home/menadue/LPCXpresso/workspace/nxp_lpcxpresso_11u14_board_lib/Debug/libnxp_lpcxpresso_11u14_board_lib.a(board.o)
 .debug_aranges
                0x000005a0       0x68 /home/menadue/LPCXpresso/workspace/nxp_lpcxpresso_11u14_board_lib/Debug/libnxp_lpcxpresso_11u14_board_lib.a(board_sysinit.o)
 .debug_aranges
                0x00000608       0x20 /home/menadue/LPCXpresso/workspace/lpc_chip_11uxx_lib/Debug/liblpc_chip_11uxx_lib.a(chip_11xx.o)
 .debug_aranges
                0x00000628       0xa0 /home/menadue/LPCXpresso/workspace/lpc_chip_11uxx_lib/Debug/liblpc_chip_11uxx_lib.a(clock_11xx.o)
 .debug_aranges
                0x000006c8       0x78 /home/menadue/LPCXpresso/workspace/lpc_chip_11uxx_lib/Debug/liblpc_chip_11uxx_lib.a(gpio_11xx_1.o)
 .debug_aranges
                0x00000740       0x20 /home/menadue/LPCXpresso/workspace/lpc_chip_11uxx_lib/Debug/liblpc_chip_11uxx_lib.a(iocon_11xx.o)
 .debug_aranges
                0x00000760       0x38 /home/menadue/LPCXpresso/workspace/lpc_chip_11uxx_lib/Debug/liblpc_chip_11uxx_lib.a(sysctl_11xx.o)

.debug_ranges   0x00000000      0x690
 .debug_ranges  0x00000000       0x58 ./src/arm_dro5.o
 .debug_ranges  0x00000058       0x50 ./src/cr_startup_lpc11uxx.o
 .debug_ranges  0x000000a8       0x98 ./src/i2c_functions.o
 .debug_ranges  0x00000140       0x30 ./src/max7219.o
 .debug_ranges  0x00000170      0x118 ./src/menu.o
 .debug_ranges  0x00000288       0x58 ./src/oled096.o
 .debug_ranges  0x000002e0       0x10 ./src/sysinit.o
 .debug_ranges  0x000002f0      0x148 ./src/tft_il9341.o
 .debug_ranges  0x00000438       0xc0 /home/menadue/LPCXpresso/workspace/nxp_lpcxpresso_11u14_board_lib/Debug/libnxp_lpcxpresso_11u14_board_lib.a(board.o)
 .debug_ranges  0x000004f8       0x58 /home/menadue/LPCXpresso/workspace/nxp_lpcxpresso_11u14_board_lib/Debug/libnxp_lpcxpresso_11u14_board_lib.a(board_sysinit.o)
 .debug_ranges  0x00000550       0x10 /home/menadue/LPCXpresso/workspace/lpc_chip_11uxx_lib/Debug/liblpc_chip_11uxx_lib.a(chip_11xx.o)
 .debug_ranges  0x00000560       0x90 /home/menadue/LPCXpresso/workspace/lpc_chip_11uxx_lib/Debug/liblpc_chip_11uxx_lib.a(clock_11xx.o)
 .debug_ranges  0x000005f0       0x68 /home/menadue/LPCXpresso/workspace/lpc_chip_11uxx_lib/Debug/liblpc_chip_11uxx_lib.a(gpio_11xx_1.o)
 .debug_ranges  0x00000658       0x10 /home/menadue/LPCXpresso/workspace/lpc_chip_11uxx_lib/Debug/liblpc_chip_11uxx_lib.a(iocon_11xx.o)
 .debug_ranges  0x00000668       0x28 /home/menadue/LPCXpresso/workspace/lpc_chip_11uxx_lib/Debug/liblpc_chip_11uxx_lib.a(sysctl_11xx.o)

.debug_macro    0x00000000     0x3e9c
 .debug_macro   0x00000000      0x1e3 ./src/arm_dro5.o
 .debug_macro   0x000001e3      0x83e ./src/arm_dro5.o
 .debug_macro   0x00000a21       0x10 ./src/arm_dro5.o
 .debug_macro   0x00000a31      0x12d ./src/arm_dro5.o
 .debug_macro   0x00000b5e      0x5b2 ./src/arm_dro5.o
 .debug_macro   0x00001110       0x22 ./src/arm_dro5.o
 .debug_macro   0x00001132       0x7b ./src/arm_dro5.o
 .debug_macro   0x000011ad       0x10 ./src/arm_dro5.o
 .debug_macro   0x000011bd       0x1f ./src/arm_dro5.o
 .debug_macro   0x000011dc       0x3a ./src/arm_dro5.o
 .debug_macro   0x00001216      0x241 ./src/arm_dro5.o
 .debug_macro   0x00001457      0x125 ./src/arm_dro5.o
 .debug_macro   0x0000157c       0x2e ./src/arm_dro5.o
 .debug_macro   0x000015aa       0xf1 ./src/arm_dro5.o
 .debug_macro   0x0000169b       0x10 ./src/arm_dro5.o
 .debug_macro   0x000016ab      0x137 ./src/arm_dro5.o
 .debug_macro   0x000017e2       0x4c ./src/arm_dro5.o
 .debug_macro   0x0000182e       0x16 ./src/arm_dro5.o
 .debug_macro   0x00001844      0x31a ./src/arm_dro5.o
 .debug_macro   0x00001b5e       0x4f ./src/arm_dro5.o
 .debug_macro   0x00001bad       0xb8 ./src/arm_dro5.o
 .debug_macro   0x00001c65       0x11 ./src/arm_dro5.o
 .debug_macro   0x00001c76       0x7c ./src/arm_dro5.o
 .debug_macro   0x00001cf2       0x1c ./src/arm_dro5.o
 .debug_macro   0x00001d0e       0x40 ./src/arm_dro5.o
 .debug_macro   0x00001d4e      0x21c ./src/arm_dro5.o
 .debug_macro   0x00001f6a       0x58 ./src/arm_dro5.o
 .debug_macro   0x00001fc2       0x9a ./src/arm_dro5.o
 .debug_macro   0x0000205c       0x20 ./src/arm_dro5.o
 .debug_macro   0x0000207c       0x82 ./src/arm_dro5.o
 .debug_macro   0x000020fe       0x22 ./src/arm_dro5.o
 .debug_macro   0x00002120      0x19d ./src/arm_dro5.o
 .debug_macro   0x000022bd       0x10 ./src/arm_dro5.o
 .debug_macro   0x000022cd       0x1d ./src/cr_startup_lpc11uxx.o
 .debug_macro   0x000022ea       0x1a ./src/crp.o
 .debug_macro   0x00002304       0x34 ./src/crp.o
 .debug_macro   0x00002338      0x197 ./src/i2c_functions.o
 .debug_macro   0x000024cf       0x5e ./src/i2c_functions.o
 .debug_macro   0x0000252d      0x1b3 ./src/max7219.o
 .debug_macro   0x000026e0       0x9c ./src/menu.o
 .debug_macro   0x0000277c       0x28 ./src/menu.o
 .debug_macro   0x000027a4       0x50 ./src/oled096.o
 .debug_macro   0x000027f4      0x193 ./src/sysinit.o
 .debug_macro   0x00002987      0x247 ./src/tft_il9341.o
 .debug_macro   0x00002bce      0x1e8 /home/menadue/LPCXpresso/workspace/nxp_lpcxpresso_11u14_board_lib/Debug/libnxp_lpcxpresso_11u14_board_lib.a(board.o)
 .debug_macro   0x00002db6      0x838 /home/menadue/LPCXpresso/workspace/nxp_lpcxpresso_11u14_board_lib/Debug/libnxp_lpcxpresso_11u14_board_lib.a(board.o)
 .debug_macro   0x000035ee       0x12 /home/menadue/LPCXpresso/workspace/nxp_lpcxpresso_11u14_board_lib/Debug/libnxp_lpcxpresso_11u14_board_lib.a(board.o)
 .debug_macro   0x00003600      0x1a1 /home/menadue/LPCXpresso/workspace/nxp_lpcxpresso_11u14_board_lib/Debug/libnxp_lpcxpresso_11u14_board_lib.a(board_sysinit.o)
 .debug_macro   0x000037a1      0x15d /home/menadue/LPCXpresso/workspace/lpc_chip_11uxx_lib/Debug/liblpc_chip_11uxx_lib.a(chip_11xx.o)
 .debug_macro   0x000038fe      0x15d /home/menadue/LPCXpresso/workspace/lpc_chip_11uxx_lib/Debug/liblpc_chip_11uxx_lib.a(clock_11xx.o)
 .debug_macro   0x00003a5b      0x15d /home/menadue/LPCXpresso/workspace/lpc_chip_11uxx_lib/Debug/liblpc_chip_11uxx_lib.a(gpio_11xx_1.o)
 .debug_macro   0x00003bb8      0x15d /home/menadue/LPCXpresso/workspace/lpc_chip_11uxx_lib/Debug/liblpc_chip_11uxx_lib.a(iocon_11xx.o)
 .debug_macro   0x00003d15      0x187 /home/menadue/LPCXpresso/workspace/lpc_chip_11uxx_lib/Debug/liblpc_chip_11uxx_lib.a(sysctl_11xx.o)

.debug_line     0x00000000     0x3ebc
 .debug_line    0x00000000      0x5bc ./src/arm_dro5.o
 .debug_line    0x000005bc       0xbf ./src/cr_startup_lpc11uxx.o
 .debug_line    0x0000067b       0x7c ./src/crp.o
 .debug_line    0x000006f7      0x57b ./src/i2c_functions.o
 .debug_line    0x00000c72      0x46e ./src/max7219.o
 .debug_line    0x000010e0      0x41d ./src/menu.o
 .debug_line    0x000014fd      0x2ea ./src/oled096.o
 .debug_line    0x000017e7      0x347 ./src/sysinit.o
 .debug_line    0x00001b2e      0x917 ./src/tft_il9341.o
 .debug_line    0x00002445      0x532 /home/menadue/LPCXpresso/workspace/nxp_lpcxpresso_11u14_board_lib/Debug/libnxp_lpcxpresso_11u14_board_lib.a(board.o)
 .debug_line    0x00002977      0x451 /home/menadue/LPCXpresso/workspace/nxp_lpcxpresso_11u14_board_lib/Debug/libnxp_lpcxpresso_11u14_board_lib.a(board_sysinit.o)
 .debug_line    0x00002dc8      0x2de /home/menadue/LPCXpresso/workspace/lpc_chip_11uxx_lib/Debug/liblpc_chip_11uxx_lib.a(chip_11xx.o)
 .debug_line    0x000030a6      0x44c /home/menadue/LPCXpresso/workspace/lpc_chip_11uxx_lib/Debug/liblpc_chip_11uxx_lib.a(clock_11xx.o)
 .debug_line    0x000034f2      0x3cd /home/menadue/LPCXpresso/workspace/lpc_chip_11uxx_lib/Debug/liblpc_chip_11uxx_lib.a(gpio_11xx_1.o)
 .debug_line    0x000038bf      0x2e2 /home/menadue/LPCXpresso/workspace/lpc_chip_11uxx_lib/Debug/liblpc_chip_11uxx_lib.a(iocon_11xx.o)
 .debug_line    0x00003ba1      0x31b /home/menadue/LPCXpresso/workspace/lpc_chip_11uxx_lib/Debug/liblpc_chip_11uxx_lib.a(sysctl_11xx.o)

.debug_str      0x00000000     0xaec0
 .debug_str     0x00000000     0x8bbd ./src/arm_dro5.o
                               0x8cfa (size before relaxing)
 .debug_str     0x00008bbd      0x189 ./src/cr_startup_lpc11uxx.o
                               0x251e (size before relaxing)
 .debug_str     0x00008d46       0xe9 ./src/crp.o
                               0x246a (size before relaxing)
 .debug_str     0x00008e2f       0xed ./src/i2c_functions.o
                               0x819b (size before relaxing)
 .debug_str     0x00008f1c      0x1ca ./src/max7219.o
                               0x81f6 (size before relaxing)
 .debug_str     0x000090e6      0x3ee ./src/menu.o
                               0x344e (size before relaxing)
 .debug_str     0x000094d4      0x142 ./src/oled096.o
                               0x2b3b (size before relaxing)
 .debug_str     0x00009616       0x11 ./src/sysinit.o
                               0x7fcd (size before relaxing)
 .debug_str     0x00009627      0x471 ./src/tft_il9341.o
                               0x8aa9 (size before relaxing)
 .debug_str     0x00009a98      0x47c /home/menadue/LPCXpresso/workspace/nxp_lpcxpresso_11u14_board_lib/Debug/libnxp_lpcxpresso_11u14_board_lib.a(board.o)
                               0x83d9 (size before relaxing)
 .debug_str     0x00009f14      0x7db /home/menadue/LPCXpresso/workspace/nxp_lpcxpresso_11u14_board_lib/Debug/libnxp_lpcxpresso_11u14_board_lib.a(board_sysinit.o)
                               0x87d1 (size before relaxing)
 .debug_str     0x0000a6ef       0x75 /home/menadue/LPCXpresso/workspace/lpc_chip_11uxx_lib/Debug/liblpc_chip_11uxx_lib.a(chip_11xx.o)
                               0x7c48 (size before relaxing)
 .debug_str     0x0000a764      0x48e /home/menadue/LPCXpresso/workspace/lpc_chip_11uxx_lib/Debug/liblpc_chip_11uxx_lib.a(clock_11xx.o)
                               0x8453 (size before relaxing)
 .debug_str     0x0000abf2       0xff /home/menadue/LPCXpresso/workspace/lpc_chip_11uxx_lib/Debug/liblpc_chip_11uxx_lib.a(gpio_11xx_1.o)
                               0x82b1 (size before relaxing)
 .debug_str     0x0000acf1       0x30 /home/menadue/LPCXpresso/workspace/lpc_chip_11uxx_lib/Debug/liblpc_chip_11uxx_lib.a(iocon_11xx.o)
                               0x7c6b (size before relaxing)
 .debug_str     0x0000ad21      0x19f /home/menadue/LPCXpresso/workspace/lpc_chip_11uxx_lib/Debug/liblpc_chip_11uxx_lib.a(sysctl_11xx.o)
                               0x8056 (size before relaxing)

.comment        0x00000000       0x6e
 .comment       0x00000000       0x6e ./src/arm_dro5.o
                                 0x6f (size before relaxing)
 .comment       0x0000006e       0x6f ./src/cr_startup_lpc11uxx.o
 .comment       0x0000006e       0x6f ./src/crp.o
 .comment       0x0000006e       0x6f ./src/i2c_functions.o
 .comment       0x0000006e       0x6f ./src/max7219.o
 .comment       0x0000006e       0x6f ./src/menu.o
 .comment       0x0000006e       0x6f ./src/oled096.o
 .comment       0x0000006e       0x6f ./src/sysinit.o
 .comment       0x0000006e       0x6f ./src/tft_il9341.o
 .comment       0x0000006e       0x6f /home/menadue/LPCXpresso/workspace/nxp_lpcxpresso_11u14_board_lib/Debug/libnxp_lpcxpresso_11u14_board_lib.a(board.o)
 .comment       0x0000006e       0x6f /home/menadue/LPCXpresso/workspace/nxp_lpcxpresso_11u14_board_lib/Debug/libnxp_lpcxpresso_11u14_board_lib.a(board_sysinit.o)
 .comment       0x0000006e       0x6f /home/menadue/LPCXpresso/workspace/lpc_chip_11uxx_lib/Debug/liblpc_chip_11uxx_lib.a(chip_11xx.o)
 .comment       0x0000006e       0x6f /home/menadue/LPCXpresso/workspace/lpc_chip_11uxx_lib/Debug/liblpc_chip_11uxx_lib.a(clock_11xx.o)
 .comment       0x0000006e       0x6f /home/menadue/LPCXpresso/workspace/lpc_chip_11uxx_lib/Debug/liblpc_chip_11uxx_lib.a(gpio_11xx_1.o)
 .comment       0x0000006e       0x6f /home/menadue/LPCXpresso/workspace/lpc_chip_11uxx_lib/Debug/liblpc_chip_11uxx_lib.a(iocon_11xx.o)
 .comment       0x0000006e       0x6f /home/menadue/LPCXpresso/workspace/lpc_chip_11uxx_lib/Debug/liblpc_chip_11uxx_lib.a(sysctl_11xx.o)
 .comment       0x0000006e       0x6f /usr/local/lpcxpresso_8.1.4_606/lpcxpresso/tools/bin/../lib/gcc/arm-none-eabi/5.2.1/../../../../arm-none-eabi/lib/armv6-m/libcr_c.a(__weak__main.o)
 .comment       0x0000006e       0x6f /usr/local/lpcxpresso_8.1.4_606/lpcxpresso/tools/bin/../lib/gcc/arm-none-eabi/5.2.1/../../../../arm-none-eabi/lib/armv6-m/libcr_c.a(strlen.o)

.ARM.attributes
                0x00000000       0x2d
 .ARM.attributes
                0x00000000       0x31 ./src/arm_dro5.o
 .ARM.attributes
                0x00000031       0x31 ./src/cr_startup_lpc11uxx.o
 .ARM.attributes
                0x00000062       0x31 ./src/crp.o
 .ARM.attributes
                0x00000093       0x31 ./src/i2c_functions.o
 .ARM.attributes
                0x000000c4       0x31 ./src/max7219.o
 .ARM.attributes
                0x000000f5       0x31 ./src/menu.o
 .ARM.attributes
                0x00000126       0x31 ./src/oled096.o
 .ARM.attributes
                0x00000157       0x31 ./src/sysinit.o
 .ARM.attributes
                0x00000188       0x31 ./src/tft_il9341.o
 .ARM.attributes
                0x000001b9       0x31 /home/menadue/LPCXpresso/workspace/nxp_lpcxpresso_11u14_board_lib/Debug/libnxp_lpcxpresso_11u14_board_lib.a(board.o)
 .ARM.attributes
                0x000001ea       0x31 /home/menadue/LPCXpresso/workspace/nxp_lpcxpresso_11u14_board_lib/Debug/libnxp_lpcxpresso_11u14_board_lib.a(board_sysinit.o)
 .ARM.attributes
                0x0000021b       0x31 /home/menadue/LPCXpresso/workspace/lpc_chip_11uxx_lib/Debug/liblpc_chip_11uxx_lib.a(chip_11xx.o)
 .ARM.attributes
                0x0000024c       0x31 /home/menadue/LPCXpresso/workspace/lpc_chip_11uxx_lib/Debug/liblpc_chip_11uxx_lib.a(clock_11xx.o)
 .ARM.attributes
                0x0000027d       0x31 /home/menadue/LPCXpresso/workspace/lpc_chip_11uxx_lib/Debug/liblpc_chip_11uxx_lib.a(gpio_11xx_1.o)
 .ARM.attributes
                0x000002ae       0x31 /home/menadue/LPCXpresso/workspace/lpc_chip_11uxx_lib/Debug/liblpc_chip_11uxx_lib.a(iocon_11xx.o)
 .ARM.attributes
                0x000002df       0x31 /home/menadue/LPCXpresso/workspace/lpc_chip_11uxx_lib/Debug/liblpc_chip_11uxx_lib.a(sysctl_11xx.o)
 .ARM.attributes
                0x00000310       0x31 /usr/local/lpcxpresso_8.1.4_606/lpcxpresso/tools/bin/../lib/gcc/arm-none-eabi/5.2.1/../../../../arm-none-eabi/lib/armv6-m/libcr_c.a(__weak__main.o)
 .ARM.attributes
                0x00000341       0x31 /usr/local/lpcxpresso_8.1.4_606/lpcxpresso/tools/bin/../lib/gcc/arm-none-eabi/5.2.1/../../../../arm-none-eabi/lib/armv6-m/libcr_c.a(strlen.o)
 .ARM.attributes
                0x00000372       0x21 /usr/local/lpcxpresso_8.1.4_606/lpcxpresso/tools/bin/../lib/gcc/arm-none-eabi/5.2.1/armv6-m/libcr_eabihelpers.a(division_32.o)
 .ARM.attributes
                0x00000393       0x21 /usr/local/lpcxpresso_8.1.4_606/lpcxpresso/tools/bin/../lib/gcc/arm-none-eabi/5.2.1/armv6-m/libcr_eabihelpers.a(division_idiv0.o)

.debug_frame    0x00000000     0x18f0
 .debug_frame   0x00000000      0x154 ./src/arm_dro5.o
 .debug_frame   0x00000154      0x118 ./src/cr_startup_lpc11uxx.o
 .debug_frame   0x0000026c      0x250 ./src/i2c_functions.o
 .debug_frame   0x000004bc       0xac ./src/max7219.o
 .debug_frame   0x00000568      0x450 ./src/menu.o
 .debug_frame   0x000009b8      0x150 ./src/oled096.o
 .debug_frame   0x00000b08       0x2c ./src/sysinit.o
 .debug_frame   0x00000b34      0x504 ./src/tft_il9341.o
 .debug_frame   0x00001038      0x2d8 /home/menadue/LPCXpresso/workspace/nxp_lpcxpresso_11u14_board_lib/Debug/libnxp_lpcxpresso_11u14_board_lib.a(board.o)
 .debug_frame   0x00001310      0x144 /home/menadue/LPCXpresso/workspace/nxp_lpcxpresso_11u14_board_lib/Debug/libnxp_lpcxpresso_11u14_board_lib.a(board_sysinit.o)
 .debug_frame   0x00001454       0x2c /home/menadue/LPCXpresso/workspace/lpc_chip_11uxx_lib/Debug/liblpc_chip_11uxx_lib.a(chip_11xx.o)
 .debug_frame   0x00001480      0x220 /home/menadue/LPCXpresso/workspace/lpc_chip_11uxx_lib/Debug/liblpc_chip_11uxx_lib.a(clock_11xx.o)
 .debug_frame   0x000016a0      0x190 /home/menadue/LPCXpresso/workspace/lpc_chip_11uxx_lib/Debug/liblpc_chip_11uxx_lib.a(gpio_11xx_1.o)
 .debug_frame   0x00001830       0x30 /home/menadue/LPCXpresso/workspace/lpc_chip_11uxx_lib/Debug/liblpc_chip_11uxx_lib.a(iocon_11xx.o)
 .debug_frame   0x00001860       0x90 /home/menadue/LPCXpresso/workspace/lpc_chip_11uxx_lib/Debug/liblpc_chip_11uxx_lib.a(sysctl_11xx.o)
